// Jest Snapshot v1, https://goo.gl/fbAQLP

exports[`Component - Text should renders text component 1`] = `
<div>
  <p
    class="sc-bcPKhP eFyuMb"
  >
    Gift a friend this holiday
  </p>
</div>
`;
