// Jest Snapshot v1, https://goo.gl/fbAQLP

exports[`Component - ClickableTag should render component 1`] = `
<div>
  <button
    class="sc-bcPKhP TrbCn"
  >
    Action
  </button>
</div>
`;
